// Jest Snapshot v1, https://goo.gl/fbAQLP

exports[`fully blocks 1`] = `"AAOA,iBAAiB,KAAK;AAClB,QAAM,OAAM,OAAO,OAAO;AAC1B,QAAM,OAAO,IAAI,MAAM;AACvB,WAAS,IAAI,GAAG,IAAI,KAAK,QAAQ;AAC7B,SAAI,KAAK,MAAM;AAAA;AAEnB,SAAO,mBAAmB,SAAO,CAAC,CAAC,KAAI,IAAI,iBAAiB,SAAO,CAAC,CAAC,KAAI;AAAA;AAG7E,MAAM,uBAAuB;AAG7B,MAAM,wBAAsC,wBAAQ;AAapD,MAAM,sBAAsB;AAC5B,MAAM,uBAAqC,wBAAQ;AAEnD,wBAAwB;AACpB,MAAI,QAAQ;AACR,UAAM,MAAM;AACZ,aAAS,IAAI,GAAG,IAAI,MAAM,QAAQ;AAC9B,YAAM,OAAO,MAAM;AACnB,YAAM,aAAa,eAAe,SAAS,QAAQ,iBAAiB,QAAQ;AAC5E,UAAI;AACA,mBAAW,OAAO;AACd,cAAI,OAAO,WAAW;AAAA;AAAA;AAAA;AAIlC,WAAO;AAAA,aAEF,SAAS;AACd,WAAO;AAAA;AAAA;AAGf,MAAM,kBAAkB;AACxB,MAAM,sBAAsB;AAC5B,0BAA0B;AACtB,QAAM,MAAM;AACZ,UAAQ,MAAM,iBAAiB,QAAQ;AACnC,QAAI;AACA,YAAM,MAAM,KAAK,MAAM;AACvB,UAAI,SAAS,KAAM,KAAI,IAAI,GAAG,UAAU,IAAI,GAAG;AAAA;AAAA;AAGvD,SAAO;AAAA;AAEX,wBAAwB;AACpB,MAAI,MAAM;AACV,MAAI,SAAS;AACT,UAAM;AAAA,aAED,QAAQ;AACb,aAAS,IAAI,GAAG,IAAI,MAAM,QAAQ;AAC9B,aAAO,eAAe,MAAM,MAAM;AAAA;AAAA,aAGjC,SAAS;AACd,eAAW,QAAQ;AACf,UAAI,MAAM;AACN,eAAO,OAAO;AAAA;AAAA;AAAA;AAI1B,SAAO,IAAI;AAAA;AA6Gf,MAAM,YAAa,OAAO,OAAO;AAEjC,MAAM,YAAa,OAAO,OAAO;AACjC,MAAM,OAAO;AAAA;AAKb,MAAM,OAAO;AACb,MAAM,OAAO,CAAC,QAAQ,KAAK,KAAK;AAChC,MAAM,kBAAkB,CAAC,QAAQ,IAAI,WAAW;AAChD,MAAM,SAAS,OAAO;AACtB,MAAM,SAAS,CAAC,KAAK;AACjB,QAAM,IAAI,IAAI,QAAQ;AACtB,MAAI,IAAI;AACJ,QAAI,OAAO,GAAG;AAAA;AAAA;AAGtB,MAAM,iBAAiB,OAAO,UAAU;AACxC,MAAM,SAAS,CAAC,KAAK,QAAQ,eAAe,KAAK,KAAK;AACtD,MAAM,UAAU,MAAM;AACtB,MAAM,QAAQ,CAAC,QAAQ,aAAa,SAAS;AAC7C,MAAM,QAAQ,CAAC,QAAQ,aAAa,SAAS;AAE7C,MAAM,aAAa,CAAC,QAAQ,OAAO,QAAQ;AAC3C,MAAM,WAAW,CAAC,QAAQ,OAAO,QAAQ;AACzC,MAAM,WAAW,CAAC,QAAQ,OAAO,QAAQ;AACzC,MAAM,WAAW,CAAC,QAAQ,QAAQ,QAAQ,OAAO,QAAQ;AACzD,MAAM,YAAY,CAAC;AACf,SAAO,SAAS,QAAQ,WAAW,IAAI,SAAS,WAAW,IAAI;AAAA;AAEnE,MAAM,iBAAiB,OAAO,UAAU;AACxC,MAAM,eAAe,CAAC,UAAU,eAAe,KAAK;AACpD,MAAM,YAAY,CAAC;AAEf,SAAO,aAAa,OAAO,MAAM,GAAG;AAAA;AAGxC,MAAM,eAAe,CAAC,QAAQ,SAAS,QACnC,QAAQ,SACR,IAAI,OAAO,OACX,KAAK,SAAS,KAAK,QAAQ;AAO/B,MAAM,sBAAsB,CAAC;AACzB,QAAM,QAAQ,OAAO,OAAO;AAC5B,SAAQ,CAAC;AACL,UAAM,MAAM,MAAM;AAClB,WAAO,OAAQ,OAAM,OAAO,GAAG;AAAA;AAAA;AAGvC,MAAM,aAAa;AAInB,MAAM,WAAW,oBAAoB,CAAC;AAClC,SAAO,IAAI,QAAQ,YAAY,CAAC,GAAG,MAAO,IAAI,EAAE,gBAAgB;AAAA;AAEpE,MAAM,cAAc;AAIpB,MAAM,YAAY,oBAAoB,CAAC,QAAQ,IAAI,QAAQ,aAAa,OAAO;AAI/E,MAAM,aAAa,oBAAoB,CAAC,QAAQ,IAAI,OAAO,GAAG,gBAAgB,IAAI,MAAM;AAMxF,MAAM,aAAa,CAAC,OAAO,aAAa,UAAU,YAAa,WAAU,SAAS,aAAa;AAiB/F,IAAI;AACJ,MAAM,gBAAgB;AAClB,SAAQ,eACH,eACG,OAAO,eAAe,cAChB,aACA,OAAO,SAAS,cACZ,OACA,OAAO,WAAW,cACd,SACA,OAAO,WAAW,cACd,SACA;AAAA;AAG9B,MAAM,YAAY,IAAI;AACtB,MAAM,cAAc;AACpB,IAAI;AACJ,MAAM,cAAc,OAAQ;AAC5B,MAAM,sBAAsB,OAAQ;AACpC,kBAAkB;AACd,SAAO,MAAM,GAAG,cAAc;AAAA;AAElC,gBAAgB,IAAI,UAAU;AAC1B,MAAI,SAAS;AACT,SAAK,GAAG;AAAA;AAEZ,QAAM,UAAS,qBAAqB,IAAI;AACxC,MAAI,CAAC,QAAQ;AACT;AAAA;AAEJ,SAAO;AAAA;AAEX,cAAc;AACV,MAAI,QAAO;AACP,YAAQ;AACR,QAAI,QAAO,QAAQ;AACf,cAAO,QAAQ;AAAA;AAEnB,YAAO,SAAS;AAAA;AAAA;AAGxB,IAAI,MAAM;AACV,8BAA8B,IAAI;AAC9B,QAAM,UAAS;AACX,QAAI,CAAC,QAAO;AACR,aAAO,QAAQ,YAAY,SAAY;AAAA;AAE3C,QAAI,CAAC,YAAY,SAAS;AACtB,cAAQ;AACR;AACI;AACA,oBAAY,KAAK;AACjB,uBAAe;AACf,eAAO;AAAA;AAGP,oBAAY;AACZ;AACA,uBAAe,YAAY,YAAY,SAAS;AAAA;AAAA;AAAA;AAI5D,UAAO,KAAK;AACZ,UAAO,eAAe,CAAC,CAAC,QAAQ;AAChC,UAAO,YAAY;AACnB,UAAO,SAAS;AAChB,UAAO,MAAM;AACb,UAAO,OAAO;AACd,UAAO,UAAU;AACjB,SAAO;AAAA;AAEX,iBAAiB;AACb,QAAM,CAAE,QAAS;AACjB,MAAI,KAAK;AACL,aAAS,IAAI,GAAG,IAAI,KAAK,QAAQ;AAC7B,WAAK,GAAG,OAAO;AAAA;AAEnB,SAAK,SAAS;AAAA;AAAA;AAGtB,IAAI,cAAc;AAClB,MAAM,aAAa;AACnB;AACI,aAAW,KAAK;AAChB,gBAAc;AAAA;AAElB;AACI,aAAW,KAAK;AAChB,gBAAc;AAAA;AAElB;AACI,QAAM,OAAO,WAAW;AACxB,gBAAc,SAAS,SAAY,OAAO;AAAA;AAE9C,eAAe,QAAQ,MAAM;AACzB,MAAI,CAAC,eAAe,iBAAiB;AACjC;AAAA;AAEJ,MAAI,UAAU,UAAU,IAAI;AAC5B,MAAI,CAAC;AACD,cAAU,IAAI,QAAS,UAAU,IAAI;AAAA;AAEzC,MAAI,MAAM,QAAQ,IAAI;AACtB,MAAI,CAAC;AACD,YAAQ,IAAI,KAAM,MAAM,IAAI;AAAA;AAEhC,MAAI,CAAC,IAAI,IAAI;AACT,QAAI,IAAI;AACR,iBAAa,KAAK,KAAK;AACvB,QAAK,aAAa,QAAQ;AACtB,mBAAa,QAAQ,QAAQ;AAAA,QACzB,QAAQ;AAAA,QACR;AAAA,QACA;AAAA,QACA;AAAA;AAAA;AAAA;AAAA;AAKhB,iBAAiB,QAAQ,MAAM,KAAK,UAAU,UAAU;AACpD,QAAM,UAAU,UAAU,IAAI;AAC9B,MAAI,CAAC;AAED;AAAA;AAEJ,QAAM,UAAU,IAAI;AACpB,QAAM,OAAM,CAAC;AACT,QAAI;AACA,mBAAa,QAAQ;AACjB,YAAI,YAAW,gBAAgB,QAAO;AAClC,kBAAQ,IAAI;AAAA;AAAA;AAAA;AAAA;AAK5B,MAAI,SAAS;AAGT,YAAQ,QAAQ;AAAA,aAEX,QAAQ,YAAY,QAAQ;AACjC,YAAQ,QAAQ,CAAC,KAAK;AAClB,UAAI,SAAQ,YAAY,QAAO;AAC3B,aAAI;AAAA;AAAA;AAAA;AAMZ,QAAI,QAAQ;AACR,WAAI,QAAQ,IAAI;AAAA;AAGpB,YAAQ;AAAA,WACC;AACD,YAAI,CAAC,QAAQ;AACT,eAAI,QAAQ,IAAI;AAChB,cAAI,MAAM;AACN,iBAAI,QAAQ,IAAI;AAAA;AAAA,mBAGf,aAAa;AAElB,eAAI,QAAQ,IAAI;AAAA;AAEpB;AAAA,WACC;AACD,YAAI,CAAC,QAAQ;AACT,eAAI,QAAQ,IAAI;AAChB,cAAI,MAAM;AACN,iBAAI,QAAQ,IAAI;AAAA;AAAA;AAGxB;AAAA,WACC;AACD,YAAI,MAAM;AACN,eAAI,QAAQ,IAAI;AAAA;AAEpB;AAAA;AAAA;AAGZ,QAAM,MAAM,CAAC;AACT,QAAK,QAAO,QAAQ;AAChB,cAAO,QAAQ,UAAU;AAAA,QACrB;AAAA,QACA;AAAA,QACA;AAAA,QACA;AAAA,QACA;AAAA,QACA;AAAA,QACA;AAAA;AAAA;AAGR,QAAI,QAAO,QAAQ;AACf,cAAO,QAAQ,UAAU;AAAA;AAGzB;AAAA;AAAA;AAGR,UAAQ,QAAQ;AAAA;AAGpB,MAAM,iBAAiB,IAAI,IAAI,OAAO,oBAAoB,QACrD,IAAI,SAAO,OAAO,MAClB,OAAO;AACZ,MAAM,MAAoB;AAC1B,MAAM,aAA2B,6BAAa,OAAO;AACrD,MAAM,cAA4B,6BAAa;AAC/C,MAAM,qBAAmC,6BAAa,MAAM;AAC5D,MAAM,wBAAwB;AAC9B,CAAC,YAAY,WAAW,eAAe,QAAQ;AAC3C,QAAM,SAAS,MAAM,UAAU;AAC/B,wBAAsB,OAAO,YAAa;AACtC,UAAM,MAAM,MAAM;AAClB,aAAS,IAAI,GAAG,IAAI,KAAK,QAAQ,IAAI,GAAG;AACpC,YAAM,KAAK,OAAiB,IAAI;AAAA;AAGpC,UAAM,MAAM,OAAO,MAAM,KAAK;AAC9B,QAAI,QAAQ,MAAM,QAAQ;AAEtB,aAAO,OAAO,MAAM,KAAK,KAAK,IAAI;AAAA;AAGlC,aAAO;AAAA;AAAA;AAAA;AAInB,CAAC,QAAQ,OAAO,SAAS,WAAW,UAAU,QAAQ;AAClD,QAAM,SAAS,MAAM,UAAU;AAC/B,wBAAsB,OAAO,YAAa;AACtC;AACA,UAAM,MAAM,OAAO,MAAM,MAAM;AAC/B;AACA,WAAO;AAAA;AAAA;AAGf,sBAAsB,cAAa,OAAO,UAAU;AAChD,SAAO,cAAa,QAAQ,KAAK;AAC7B,QAAI,QAAQ;AACR,aAAO,CAAC;AAAA,eAEH,QAAQ;AACb,aAAO;AAAA,eAEF,QAAQ,aACb,aAAc,eAAa,cAAc,aAAa,IAAI;AAC1D,aAAO;AAAA;AAEX,UAAM,gBAAgB,QAAQ;AAC9B,QAAI,CAAC,eAAc,iBAAiB,OAAO,uBAAuB;AAC9D,aAAO,QAAQ,IAAI,uBAAuB,KAAK;AAAA;AAEnD,UAAM,MAAM,QAAQ,IAAI,QAAQ,KAAK;AACrC,QAAI,SAAS,OACP,eAAe,IAAI,OACnB,QAAQ,eAAe,QAAQ;AACjC,aAAO;AAAA;AAEX,QAAI,CAAC;AACD,YAAM,QAAQ,OAAiB;AAAA;AAEnC,QAAI;AACA,aAAO;AAAA;AAEX,QAAI,MAAM;AAEN,YAAM,eAAe,CAAC,iBAAiB,CAAC,aAAa;AACrD,aAAO,eAAe,IAAI,QAAQ;AAAA;AAEtC,QAAI,SAAS;AAIT,aAAO,cAAa,SAAS,OAAO,SAAS;AAAA;AAEjD,WAAO;AAAA;AAAA;AAGf,MAAM,MAAoB;AAC1B,MAAM,aAA2B,6BAAa;AAC9C,sBAAsB,UAAU;AAC5B,SAAO,cAAa,QAAQ,KAAK,OAAO;AACpC,UAAM,WAAW,OAAO;AACxB,QAAI,CAAC;AACD,cAAQ,MAAM;AACd,UAAI,CAAC,QAAQ,WAAW,MAAM,aAAa,CAAC,MAAM;AAC9C,iBAAS,QAAQ;AACjB,eAAO;AAAA;AAAA;AAGf,UAAM,SAAS,QAAQ,WAAW,aAAa,OACzC,OAAO,OAAO,OAAO,SACrB,OAAO,QAAQ;AACrB,UAAM,SAAS,QAAQ,IAAI,QAAQ,KAAK,OAAO;AAE/C,QAAI,WAAW,MAAM;AACjB,UAAI,CAAC;AACD,gBAAQ,QAAQ,OAAiB,KAAK;AAAA,iBAEjC,WAAW,OAAO;AACvB,gBAAQ,QAAQ,OAAiB,KAAK,OAAO;AAAA;AAAA;AAGrD,WAAO;AAAA;AAAA;AAGf,wBAAwB,QAAQ;AAC5B,QAAM,SAAS,OAAO,QAAQ;AAC9B,QAAM,WAAW,OAAO;AACxB,QAAM,SAAS,QAAQ,eAAe,QAAQ;AAC9C,MAAI,UAAU;AACV,YAAQ,QAAQ,UAAuB,KAAK,QAAW;AAAA;AAE3D,SAAO;AAAA;AAEX,aAAa,QAAQ;AACjB,QAAM,SAAS,QAAQ,IAAI,QAAQ;AACnC,MAAI,CAAC,SAAS,QAAQ,CAAC,eAAe,IAAI;AACtC,UAAM,QAAQ,OAAiB;AAAA;AAEnC,SAAO;AAAA;AAEX,iBAAiB;AACb,QAAM,QAAQ,WAAyB,QAAQ,UAAU,WAAW;AACpE,SAAO,QAAQ,QAAQ;AAAA;AAE3B,MAAM,kBAAkB;AAAA,EACpB;AAAA,EACA;AAAA,EACA;AAAA,EACA;AAAA,EACA;AAAA;AAEJ,MAAM,mBAAmB;AAAA,EACrB,KAAK;AAAA,EACL,IAAI,QAAQ;AACR;AACI,cAAQ,KAAK,yBAAyB,OAAO,qCAAqC;AAAA;AAEtF,WAAO;AAAA;AAAA,EAEX,eAAe,QAAQ;AACnB;AACI,cAAQ,KAAK,4BAA4B,OAAO,qCAAqC;AAAA;AAEzF,WAAO;AAAA;AAAA;AAGf,MAAM,0BAA0B,OAAO,IAAI,iBAAiB;AAAA,EACxD,KAAK;AAAA,EACL,KAAK;AAAA;AAKT,MAAM,0BAA0B,OAAO,IAAI,kBAAkB;AAAA,EACzD,KAAK;AAAA;AAGT,MAAM,aAAa,CAAC,UAAU,SAAS,SAAS,SAAS,SAAS;AAClE,MAAM,aAAa,CAAC,UAAU,SAAS,SAAS,SAAS,SAAS;AAClE,MAAM,YAAY,CAAC,UAAU;AAC7B,MAAM,WAAW,CAAC,MAAM,QAAQ,eAAe;AAC/C,eAAe,QAAQ,KAAK,cAAa,OAAO,YAAY;AAGxD,WAAS,OAAO;AAChB,QAAM,YAAY,MAAM;AACxB,QAAM,SAAS,MAAM;AACrB,MAAI,QAAQ;AACR,KAAC,eAAc,MAAM,WAAW,OAAiB;AAAA;AAErD,GAAC,eAAc,MAAM,WAAW,OAAiB;AACjD,QAAM,CAAE,aAAQ,SAAS;AACzB,QAAM,OAAO,cAAa,aAAa,YAAY,YAAY;AAC/D,MAAI,KAAI,KAAK,WAAW;AACpB,WAAO,KAAK,OAAO,IAAI;AAAA,aAElB,KAAI,KAAK,WAAW;AACzB,WAAO,KAAK,OAAO,IAAI;AAAA;AAAA;AAG/B,eAAe,KAAK,cAAa;AAC7B,QAAM,SAAS,KAAK;AACpB,QAAM,YAAY,MAAM;AACxB,QAAM,SAAS,MAAM;AACrB,MAAI,QAAQ;AACR,KAAC,eAAc,MAAM,WAAW,OAAiB;AAAA;AAErD,GAAC,eAAc,MAAM,WAAW,OAAiB;AACjD,SAAO,QAAQ,SACT,OAAO,IAAI,OACX,OAAO,IAAI,QAAQ,OAAO,IAAI;AAAA;AAExC,cAAc,QAAQ,cAAa;AAC/B,WAAS,OAAO;AAChB,GAAC,eAAc,MAAM,MAAM,SAAS,WAAyB;AAC7D,SAAO,QAAQ,IAAI,QAAQ,QAAQ;AAAA;AAEvC,aAAa;AACT,UAAQ,MAAM;AACd,QAAM,SAAS,MAAM;AACrB,QAAM,QAAQ,SAAS;AACvB,QAAM,SAAS,MAAM,IAAI,KAAK,QAAQ;AACtC,SAAO,IAAI;AACX,MAAI,CAAC;AACD,YAAQ,QAAQ,OAAiB,OAAO;AAAA;AAE5C,SAAO;AAAA;AAEX,eAAe,KAAK;AAChB,UAAQ,MAAM;AACd,QAAM,SAAS,MAAM;AACrB,QAAM,CAAE,WAAK,aAAQ,SAAS;AAC9B,MAAI,SAAS,KAAI,KAAK,QAAQ;AAC9B,MAAI,CAAC;AACD,UAAM,MAAM;AACZ,aAAS,KAAI,KAAK,QAAQ;AAAA;AAG1B,sBAAkB,QAAQ,MAAK;AAAA;AAEnC,QAAM,WAAW,KAAI,KAAK,QAAQ;AAClC,SAAO,IAAI,KAAK;AAChB,MAAI,CAAC;AACD,YAAQ,QAAQ,OAAiB,KAAK;AAAA,aAEjC,WAAW,OAAO;AACvB,YAAQ,QAAQ,OAAiB,KAAK,OAAO;AAAA;AAEjD,SAAO;AAAA;AAEX,qBAAqB;AACjB,QAAM,SAAS,MAAM;AACrB,QAAM,CAAE,WAAK,aAAQ,SAAS;AAC9B,MAAI,SAAS,KAAI,KAAK,QAAQ;AAC9B,MAAI,CAAC;AACD,UAAM,MAAM;AACZ,aAAS,KAAI,KAAK,QAAQ;AAAA;AAG1B,sBAAkB,QAAQ,MAAK;AAAA;AAEnC,QAAM,WAAW,OAAM,KAAI,KAAK,QAAQ,OAAO;AAE/C,QAAM,SAAS,OAAO,OAAO;AAC7B,MAAI;AACA,YAAQ,QAAQ,UAAuB,KAAK,QAAW;AAAA;AAE3D,SAAO;AAAA;AAEX;AACI,QAAM,SAAS,MAAM;AACrB,QAAM,WAAW,OAAO,SAAS;AACjC,QAAM,YAAa,MAAM,UACf,IAAI,IAAI,UACR,IAAI,IAAI;AAGlB,QAAM,SAAS,OAAO;AACtB,MAAI;AACA,YAAQ,QAAQ,SAAqB,QAAW,QAAW;AAAA;AAE/D,SAAO;AAAA;AAEX,uBAAuB,aAAY;AAC/B,SAAO,iBAAiB,UAAU;AAC9B,UAAM,WAAW;AACjB,UAAM,SAAS,SAAS;AACxB,UAAM,YAAY,MAAM;AACxB,UAAM,OAAO,cAAa,aAAa,YAAY,YAAY;AAC/D,KAAC,eAAc,MAAM,WAAW,WAAyB;AACzD,WAAO,OAAO,QAAQ,CAAC,OAAO;AAI1B,aAAO,SAAS,KAAK,SAAS,KAAK,QAAQ,KAAK,MAAM;AAAA;AAAA;AAAA;AAIlE,8BAA8B,QAAQ,aAAY;AAC9C,SAAO,YAAa;AAChB,UAAM,SAAS,KAAK;AACpB,UAAM,YAAY,MAAM;AACxB,UAAM,cAAc,MAAM;AAC1B,UAAM,SAAS,WAAW,aAAc,WAAW,OAAO,YAAY;AACtE,UAAM,YAAY,WAAW,UAAU;AACvC,UAAM,gBAAgB,OAAO,QAAQ,GAAG;AACxC,UAAM,OAAO,cAAa,aAAa,YAAY,YAAY;AAC/D,KAAC,eACG,MAAM,WAAW,WAAyB,YAAY,sBAAsB;AAGhF,WAAO;AAAA,MAEH;AACI,cAAM,CAAE,OAAO,QAAS,cAAc;AACtC,eAAO,OACD,CAAE,OAAO,QACT;AAAA,UACE,OAAO,SAAS,CAAC,KAAK,MAAM,KAAK,KAAK,MAAM,OAAO,KAAK;AAAA,UACxD;AAAA;AAAA;AAAA,OAIX,OAAO;AACJ,eAAO;AAAA;AAAA;AAAA;AAAA;AAKvB,8BAA8B;AAC1B,SAAO,YAAa;AAChB;AACI,YAAM,MAAM,KAAK,KAAK,WAAW,KAAK,SAAS;AAC/C,cAAQ,KAAK,GAAG,WAAW,mBAAmB,kCAAkC,MAAM;AAAA;AAE1F,WAAO,SAAS,WAAwB,QAAQ;AAAA;AAAA;AAGxD,MAAM,0BAA0B;AAAA,EAC5B,IAAI;AACA,WAAO,MAAM,MAAM;AAAA;AAAA,MAEnB;AACA,WAAO,KAAK;AAAA;AAAA,EAEhB,KAAK;AAAA,EACL;AAAA,EACA,KAAK;AAAA,EACL,QAAQ;AAAA,EACR;AAAA,EACA,SAAS,cAAc,OAAO;AAAA;AAElC,MAAM,0BAA0B;AAAA,EAC5B,IAAI;AACA,WAAO,MAAM,MAAM,KAAK,OAAO;AAAA;AAAA,MAE/B;AACA,WAAO,KAAK;AAAA;AAAA,EAEhB,KAAK;AAAA,EACL;AAAA,EACA,KAAK;AAAA,EACL,QAAQ;AAAA,EACR;AAAA,EACA,SAAS,cAAc,OAAO;AAAA;AAElC,MAAM,2BAA2B;AAAA,EAC7B,IAAI;AACA,WAAO,MAAM,MAAM,KAAK;AAAA;AAAA,MAExB;AACA,WAAO,KAAK,MAAM;AAAA;AAAA,EAEtB,IAAI;AACA,WAAO,MAAM,KAAK,MAAM,KAAK;AAAA;AAAA,EAEjC,KAAK,qBAAqB;AAAA,EAC1B,KAAK,qBAAqB;AAAA,EAC1B,QAAQ,qBAAqB;AAAA,EAC7B,OAAO,qBAAqB;AAAA,EAC5B,SAAS,cAAc,MAAM;AAAA;AAEjC,MAAM,kBAAkB,CAAC,QAAQ,UAAU,WAAW,OAAO;AAC7D,gBAAgB,QAAQ;AACpB,0BAAwB,UAAU,qBAAqB,QAAQ,OAAO;AACtE,2BAAyB,UAAU,qBAAqB,QAAQ,MAAM;AACtE,0BAAwB,UAAU,qBAAqB,QAAQ,OAAO;AAAA;AAE1E,qCAAqC,aAAY;AAC7C,QAAM,mBAAmB,UACnB,0BACA,cACI,2BACA;AACV,SAAO,CAAC,QAAQ,KAAK;AACjB,QAAI,QAAQ;AACR,aAAO,CAAC;AAAA,eAEH,QAAQ;AACb,aAAO;AAAA,eAEF,QAAQ;AACb,aAAO;AAAA;AAEX,WAAO,QAAQ,IAAI,OAAO,kBAAkB,QAAQ,OAAO,SACrD,mBACA,QAAQ,KAAK;AAAA;AAAA;AAG3B,MAAM,4BAA4B;AAAA,EAC9B,KAAK,4BAA4B,OAAO;AAAA;AAK5C,MAAM,6BAA6B;AAAA,EAC/B,KAAK,4BAA4B,MAAM;AAAA;AAE3C,2BAA2B,QAAQ,MAAK;AACpC,QAAM,SAAS,MAAM;AACrB,MAAI,WAAW,OAAO,KAAI,KAAK,QAAQ;AACnC,UAAM,OAAO,UAAU;AACvB,YAAQ,KAAK,YAAY,sEACS,SAAS,QAAQ,aAAa;AAAA;AAAA;AAOxE,MAAM,cAAc,IAAI;AACxB,MAAM,cAAc,IAAI;AACxB,uBAAuB;AACnB,UAAQ;AAAA,SACC;AAAA,SACA;AACD,aAAO;AAAA,SACN;AAAA,SACA;AAAA,SACA;AAAA,SACA;AACD,aAAO;AAAA;AAEP,aAAO;AAAA;AAAA;AAGnB,uBAAuB;AACnB,SAAO,MAAM,eAA0B,CAAC,OAAO,aAAa,SACtD,IACA,cAAc,UAAU;AAAA;AAElC,kBAAkB;AAEd,MAAI,UAAU,OAAO;AACjB,WAAO;AAAA;AAEX,SAAO,qBAAqB,QAAQ,OAAO,iBAAiB;AAAA;AAchE,kBAAkB;AACd,SAAO,qBAAqB,QAAQ,MAAM,kBAAkB;AAAA;AAQhE,yBAAyB;AACrB,SAAO,qBAAqB,QAAQ,MAAM,yBAAyB;AAAA;AAEvE,8BAA8B,QAAQ,aAAY,cAAc;AAC5D,MAAI,CAAC,SAAS;AACV;AACI,cAAQ,KAAK,kCAAkC,OAAO;AAAA;AAE1D,WAAO;AAAA;AAIX,MAAI,OAAO,cACP,CAAE,gBAAc,OAAO;AACvB,WAAO;AAAA;AAGX,QAAM,WAAW,cAAa,cAAc;AAC5C,QAAM,gBAAgB,SAAS,IAAI;AACnC,MAAI;AACA,WAAO;AAAA;AAGX,QAAM,aAAa,cAAc;AACjC,MAAI,eAAe;AACf,WAAO;AAAA;AAEX,QAAM,QAAQ,IAAI,MAAM,QAAQ,eAAe,IAAqB,qBAAqB;AACzF,WAAS,IAAI,QAAQ;AACrB,SAAO;AAAA;AAEX,oBAAoB;AAChB,MAAI,WAAW;AACX,WAAO,WAAW,MAAM;AAAA;AAE5B,SAAO,CAAC,CAAE,UAAS,MAAM;AAAA;AAE7B,oBAAoB;AAChB,SAAO,CAAC,CAAE,UAAS,MAAM;AAAA;AAE7B,iBAAiB;AACb,SAAO,WAAW,UAAU,WAAW;AAAA;AAE3C,eAAe;AACX,SAAS,YAAY,MAAM,SAAS,eAA0B;AAAA;AAQlE,eAAe;AACX,SAAO,QAAQ,KAAK,EAAE,cAAc;AAAA;AAoJxC,MAAM,QAAQ;AACd,4BAA4B;AACxB,QAAM,KAAK;AAAA;AAEf;AACI,QAAM;AAAA;AAEV,cAAc,QAAQ;AAGlB;AACA,QAAM,WAAW,MAAM,SAAS,MAAM,MAAM,SAAS,GAAG,YAAY;AACpE,QAAM,iBAAiB,YAAY,SAAS,WAAW,OAAO;AAC9D,QAAM,QAAQ;AACd,MAAI;AACA,0BAAsB,gBAAgB,UAAU,IAA2B;AAAA,MACvE,MAAM,KAAK,KAAK;AAAA,MAChB,YAAY,SAAS;AAAA,MACrB,MACK,IAAI,CAAC,CAAE,WAAY,OAAO,oBAAoB,UAAU,MAAM,UAC9D,KAAK;AAAA,MACV;AAAA;AAAA;AAIJ,UAAM,WAAW,CAAC,eAAe,OAAO,GAAG;AAE3C,QAAI,MAAM,UAEN;AACA,eAAS,KAAK;AAAA,GAAM,GAAG,YAAY;AAAA;AAEvC,YAAQ,KAAK,GAAG;AAAA;AAEpB;AAAA;AAEJ;AACI,MAAI,eAAe,MAAM,MAAM,SAAS;AACxC,MAAI,CAAC;AACD,WAAO;AAAA;AAKX,QAAM,kBAAkB;AACxB,SAAO;AACH,UAAM,OAAO,gBAAgB;AAC7B,QAAI,QAAQ,KAAK,UAAU;AACvB,WAAK;AAAA;AAGL,sBAAgB,KAAK;AAAA,QACjB,OAAO;AAAA,QACP,cAAc;AAAA;AAAA;AAGtB,UAAM,iBAAiB,aAAa,aAAa,aAAa,UAAU;AACxE,mBAAe,kBAAkB,eAAe;AAAA;AAEpD,SAAO;AAAA;AAGX,qBAAqB;AACjB,QAAM,OAAO;AACb,QAAM,QAAQ,CAAC,OAAO;AAClB,SAAK,KAAK,GAAI,MAAM,IAAI,KAAK,CAAC;AAAA,IAAQ,GAAG,iBAAiB;AAAA;AAE9D,SAAO;AAAA;AAEX,0BAA0B,CAAE,OAAO;AAC/B,QAAM,UAAU,eAAe,IAAI,QAAQ,kCAAkC;AAC7E,QAAM,SAAS,MAAM,YAAY,MAAM,UAAU,UAAU,OAAO;AAClE,QAAM,OAAO,QAAQ,oBAAoB,MAAM,WAAW,MAAM,MAAM;AACtE,QAAM,QAAQ,MAAM;AACpB,SAAO,MAAM,QACP,CAAC,MAAM,GAAG,YAAY,MAAM,QAAQ,SACpC,CAAC,OAAO;AAAA;AAGlB,qBAAqB;AACjB,QAAM,MAAM;AACZ,QAAM,OAAO,OAAO,KAAK;AACzB,OAAK,MAAM,GAAG,GAAG,QAAQ;AACrB,QAAI,KAAK,GAAG,WAAW,KAAK,MAAM;AAAA;AAEtC,MAAI,KAAK,SAAS;AACd,QAAI,KAAK;AAAA;AAEb,SAAO;AAAA;AAGX,oBAAoB,KAAK,OAAO;AAC5B,MAAI,SAAS;AACT,YAAQ,KAAK,UAAU;AACvB,WAAO,MAAM,QAAQ,CAAC,GAAG,OAAO;AAAA,aAE3B,OAAO,UAAU,YACtB,OAAO,UAAU,aACjB,SAAS;AACT,WAAO,MAAM,QAAQ,CAAC,GAAG,OAAO;AAAA,aAE3B,MAAM;AACX,YAAQ,WAAW,KAAK,MAAM,MAAM,QAAQ;AAC5C,WAAO,MAAM,QAAQ,CAAC,GAAG,YAAY,OAAO;AAAA,aAEvC,WAAW;AAChB,WAAO,CAAC,GAAG,SAAS,MAAM,OAAO,IAAI,MAAM,UAAU;AAAA;AAGrD,YAAQ,MAAM;AACd,WAAO,MAAM,QAAQ,CAAC,GAAG,QAAQ;AAAA;AAAA;AAIzC,MAAM,mBAAmB;AAAA,GACpB,OAA2B;AAAA,GAC3B,MAAoB;AAAA,GACpB,OAA0B;AAAA,GAC1B,MAAoB;AAAA,GACpB,OAA2B;AAAA,GAC3B,MAAoB;AAAA,GACpB,QAA6B;AAAA,GAC7B,OAAuB;AAAA,GACvB,MAAsB;AAAA,GACtB,OAAyB;AAAA,GACzB,OAA4B;AAAA,GAC5B,QAA6B;AAAA,GAC7B,QAA+B;AAAA,GAC/B,IAAyB;AAAA,GACzB,IAA0B;AAAA,GAC1B,IAAuB;AAAA,GACvB,IAAyB;AAAA,GACzB,IAAwB;AAAA,GACxB,IAA+B;AAAA,GAC/B,IAAkC;AAAA,GAClC,IAAqB;AAAA,GACrB,IAAyB;AAAA,GACzB,IAA0B;AAAA,GAC1B,KAA6B;AAAA,GAC7B,KAA4B;AAAA,GAC5B,KAAwB;AAAA,GACxB,KAAkC;AAAA,GAClC,KAAqB;AAAA;AAG1B,+BAA+B,IAAI,UAAU,MAAM;AAC/C,MAAI;AACJ;AACI,UAAM,OAAO,GAAG,GAAG,QAAQ;AAAA,WAExB;AACH,gBAAY,KAAK,UAAU;AAAA;AAE/B,SAAO;AAAA;AAEX,oCAAoC,IAAI,UAAU,MAAM;AACpD,MAAI,WAAW;AACX,UAAM,MAAM,sBAAsB,IAAI,UAAU,MAAM;AACtD,QAAI,OAAO,UAAU;AACjB,UAAI,MAAM;AACN,oBAAY,KAAK,UAAU;AAAA;AAAA;AAGnC,WAAO;AAAA;AAEX,QAAM,SAAS;AACf,WAAS,IAAI,GAAG,IAAI,GAAG,QAAQ;AAC3B,WAAO,KAAK,2BAA2B,GAAG,IAAI,UAAU,MAAM;AAAA;AAElE,SAAO;AAAA;AAEX,qBAAqB,KAAK,UAAU,MAAM,aAAa;AACnD,QAAM,eAAe,WAAW,SAAS,QAAQ;AACjD,MAAI;AACA,QAAI,MAAM,SAAS;AAEnB,UAAM,kBAAkB,SAAS;AAEjC,UAAM,YAAa,iBAAiB;AACpC,WAAO;AACH,YAAM,qBAAqB,IAAI;AAC/B,UAAI;AACA,iBAAS,IAAI,GAAG,IAAI,mBAAmB,QAAQ;AAC3C,cAAI,mBAAmB,GAAG,KAAK,iBAAiB,eAAe;AAC3D;AAAA;AAAA;AAAA;AAIZ,YAAM,IAAI;AAAA;AAGd,UAAM,kBAAkB,SAAS,WAAW,OAAO;AACnD,QAAI;AACA,4BAAsB,iBAAiB,MAAM,IAA4B,CAAC,KAAK,iBAAiB;AAChG;AAAA;AAAA;AAGR,WAAS,KAAK,MAAM,cAAc;AAAA;AAEtC,kBAAkB,KAAK,MAAM,cAAc,aAAa;AACpD;AACI,UAAM,OAAO,iBAAiB;AAC9B,QAAI;AACA,yBAAmB;AAAA;AAEvB,SAAK,kBAAkB,OAAO,wBAAwB,SAAS;AAC/D,QAAI;AACA;AAAA;AAGJ,QAAI;AACA,YAAM;AAAA;AAGN,cAAQ,MAAM;AAAA;AAAA;AAAA;AAK1B,IAAI,aAAa;AACjB,IAAI,iBAAiB;AACrB,MAAM,QAAQ;AACd,IAAI,aAAa;AACjB,MAAM,qBAAqB;AAC3B,IAAI,oBAAoB;AACxB,IAAI,gBAAgB;AACpB,MAAM,sBAAsB;AAC5B,IAAI,qBAAqB;AACzB,IAAI,iBAAiB;AACrB,MAAM,kBAAkB,QAAQ;AAChC,IAAI,sBAAsB;AAC1B,IAAI,2BAA2B;AAC/B,MAAM,kBAAkB;AACxB,kBAAkB;AACd,QAAM,KAAI,uBAAuB;AACjC,SAAO,KAAK,GAAE,KAAK,OAAO,GAAG,KAAK,QAAQ,MAAM;AAAA;AAEpD,kBAAkB;AAOd,MAAK,EAAC,MAAM,UACR,CAAC,MAAM,SAAS,KAAK,cAAc,IAAI,eAAe,aAAa,IAAI,gBACvE,QAAQ;AACR,UAAM,KAAK;AACX;AAAA;AAAA;AAGR;AACI,MAAI,CAAC,cAAc,CAAC;AAChB,qBAAiB;AACjB,0BAAsB,gBAAgB,KAAK;AAAA;AAAA;AASnD,iBAAiB,IAAI,aAAa,cAAc;AAC5C,MAAI,CAAC,QAAQ;AACT,QAAI,CAAC,eACD,CAAC,YAAY,SAAS,IAAI,GAAG,eAAe,QAAQ,IAAI;AACxD,mBAAa,KAAK;AAAA;AAAA;AAOtB,iBAAa,KAAK,GAAG;AAAA;AAEzB;AAAA;AAEJ,yBAAyB;AACrB,UAAQ,IAAI,mBAAmB,oBAAoB;AAAA;AAEvD,0BAA0B;AACtB,UAAQ,IAAI,oBAAoB,qBAAqB;AAAA;AAEzD,0BAA0B,MAAM,YAAY;AACxC,MAAI,mBAAmB;AACnB,+BAA2B;AAC3B,wBAAoB,CAAC,GAAG,IAAI,IAAI;AAChC,uBAAmB,SAAS;AAC5B;AACI,aAAO,QAAQ,IAAI;AAAA;AAEvB,SAAK,gBAAgB,GAAG,gBAAgB,kBAAkB,QAAQ;AAC9D;AACI,8BAAsB,MAAM,kBAAkB;AAAA;AAElD,wBAAkB;AAAA;AAEtB,wBAAoB;AACpB,oBAAgB;AAChB,+BAA2B;AAE3B,qBAAiB,MAAM;AAAA;AAAA;AAG/B,2BAA2B;AACvB,MAAI,oBAAoB;AACpB,UAAM,UAAU,CAAC,GAAG,IAAI,IAAI;AAC5B,wBAAoB,SAAS;AAE7B,QAAI;AACA,yBAAmB,KAAK,GAAG;AAC3B;AAAA;AAEJ,yBAAqB;AACrB;AACI,aAAO,QAAQ,IAAI;AAAA;AAEvB,uBAAmB,KAAK,CAAC,GAAG,MAAM,MAAM,KAAK,MAAM;AACnD,SAAK,iBAAiB,GAAG,iBAAiB,mBAAmB,QAAQ;AACjE;AACI,8BAAsB,MAAM,mBAAmB;AAAA;AAEnD,yBAAmB;AAAA;AAEvB,yBAAqB;AACrB,qBAAiB;AAAA;AAAA;AAGzB,MAAM,QAAQ,CAAC,QAAQ,IAAI,MAAM,OAAO,WAAW,IAAI;AACvD,mBAAmB;AACf,mBAAiB;AACjB,eAAa;AACb;AACI,WAAO,QAAQ,IAAI;AAAA;AAEvB,mBAAiB;AAQjB,QAAM,KAAK,CAAC,GAAG,MAAM,MAAM,KAAK,MAAM;AACtC;AACI,SAAK,aAAa,GAAG,aAAa,MAAM,QAAQ;AAC5C,YAAM,MAAM,MAAM;AAClB,UAAI;AACA,YAAI;AACA,gCAAsB,MAAM;AAAA;AAEhC,8BAAsB,KAAK,MAAM;AAAA;AAAA;AAAA;AAKzC,iBAAa;AACb,UAAM,SAAS;AACf,sBAAkB;AAClB,iBAAa;AACb,0BAAsB;AAGtB,QAAI,MAAM,UAAU,oBAAoB;AACpC,gBAAU;AAAA;AAAA;AAAA;AAItB,+BAA+B,MAAM;AACjC,MAAI,CAAC,KAAK,IAAI;AACV,SAAK,IAAI,IAAI;AAAA;AAGb,UAAM,QAAQ,KAAK,IAAI;AACvB,QAAI,QAAQ;AACR,YAAM,IAAI,MAAM;AAAA;AAOhB,WAAK,IAAI,IAAI,QAAQ;AAAA;AAAA;AAAA;AAOjC,MAAM,qBAAqB,IAAI;AAM/B;AACI,QAAM,eAAe,OAAO,WAAW,cACjC,SACA,OAAO,SAAS,cACZ,OACA,OAAO,WAAW,cACd,SACA;AACd,eAAa,sBAAsB;AAAA,IAC/B,cAAc,QAAQ;AAAA,IACtB,UAAU,QAAQ;AAAA,IAClB,QAAQ,QAAQ;AAAA;AAAA;AAGxB,MAAM,MAAM,IAAI;AAahB,sBAAsB,IAAI;AACtB,MAAI,CAAC;AACD,SAAK;AAAA;AAGL,gBAAY;AAAA;AAEhB,MAAI,IAAI,IAAI;AACR,WAAO;AAAA;AAEX,MAAI,IAAI,IAAI;AAAA,IACR,WAAW,iBAAiB,aAAa,UAAU,YAAY;AAAA,IAC/D,WAAW,IAAI;AAAA;AAEnB,SAAO;AAAA;AAEX,kBAAkB,IAAI;AAClB,QAAM,SAAS,IAAI,IAAI;AACvB,MAAI,CAAC;AACD;AACJ,MAAI;AACA,WAAO,UAAU,SAAS;AAG9B,QAAM,KAAK,OAAO,WAAW,QAAQ;AACjC,QAAI;AACA,eAAS,SAAS;AAAA;AAEtB,aAAS,cAAc;AAGvB,aAAS;AAAA;AAAA;AAIjB,gBAAgB,IAAI;AAChB,QAAM,SAAS,IAAI,IAAI;AACvB,MAAI,CAAC;AACD;AAGJ,QAAM,CAAE,WAAW,aAAc;AACjC,MAAI,CAAC,mBAAmB,IAAI;AAExB,cAAU,iBAAiB,WAAW,QAAQ,YAAY;AAC1D,WAAO,WAAW;AAClB,eAAW,OAAO;AACd,UAAI,CAAE,QAAO;AACT,eAAO,UAAU;AAAA;AAAA;AAKzB,uBAAmB,IAAI;AAEvB,qBAAiB;AACb,yBAAmB,OAAO;AAAA;AAAA;AAGlC,QAAM,KAAK,WAAW,QAAQ;AAC1B,QAAI,SAAS;AAIT,eAAS,SAAS,OAAO;AAAA,eAEpB,SAAS,WAAW;AAEzB,eAAS,WAAW;AAAA,eAEf,OAAO,WAAW;AAEvB,aAAO,SAAS;AAAA;AAGhB,cAAQ,KAAK;AAAA;AAAA;AAAA;AAIzB,iBAAiB;AACb,SAAO,CAAC,IAAI;AACR;AACI,aAAO,GAAG,IAAI;AAAA,aAEX;AACH,cAAQ,MAAM;AACd,cAAQ,KAAK;AAAA;AAAA;AAAA;AAOzB,yBAAyB;AAAA;AA8JzB,IAAI,2BAA2B;AAC/B,qCAAqC;AACjC,6BAA2B;AAAA;AAuK/B,0BAA0B;AACtB,MAAI;AACJ,WAAS,IAAI,GAAG,IAAI,SAAS,QAAQ;AACjC,UAAM,QAAQ,SAAS;AACvB,QAAI,QAAQ;AAER,UAAI,MAAM,SAAS,WAAW,MAAM,aAAa;AAC7C,YAAI;AAEA;AAAA;AAGA,uBAAa;AAAA;AAAA;AAAA;AAKrB;AAAA;AAAA;AAGR,SAAO;AAAA;AA2GX,MAAM,aAAa,CAAC,SAAS,KAAK;AA4WlC,mCAAmC;AAC/B,QAAM,CAAE,WAAW,YAAa;AAChC,MAAI;AACJ,MAAI;AACJ,MAAI,YAAY;AACZ,cAAU,sBAAsB,SAAS;AACzC,eAAW,sBAAsB,SAAS;AAAA;AAG1C,cAAU,sBAAsB;AAChC,eAAW,eAAe;AAAA;AAE9B,SAAO;AAAA,IACH;AAAA,IACA;AAAA;AAAA;AAGR,+BAA+B;AAC3B,MAAI,WAAW;AACX,QAAI;AAAA;AAER,MAAI,QAAQ;AACR,UAAM,cAAc,iBAAiB;AACrC,QAAK,CAAC;AACF,WAAK;AAAA;AAET,QAAI;AAAA;AAER,SAAO,eAAe;AAAA;AAE1B,iCAAiC,IAAI;AACjC,MAAI,YAAY,SAAS;AACrB,QAAI,QAAQ;AACR,eAAS,QAAQ,KAAK,GAAG;AAAA;AAGzB,eAAS,QAAQ,KAAK;AAAA;AAAA;AAI1B,qBAAiB;AAAA;AAAA;AAezB,IAAI,0BAA0B;AAC9B,MAAM,2BAA2B,CAAC,MAAO,2BAA2B;AAgDpE,iBAAiB,IAAI,MAAM;AACvB,MAAI,CAAC;AACD,WAAO;AACX,QAAM,sBAAsB,IAAI;AAI5B,QAAI,CAAC;AACD,gBAAU;AAAA;AAEd,UAAM,QAAQ;AACd,gCAA4B;AAC5B,UAAM,MAAM,GAAG,GAAG;AAClB,gCAA4B;AAC5B,QAAI,CAAC;AACD;AAAA;AAEJ,WAAO;AAAA;AAEX,sBAAoB,KAAK;AACzB,SAAO;AAAA;AAIX,IAAI,iBAAiB;AACrB,MAAM,eAAe;AAIrB,qBAAqB;AACjB,eAAa,KAAM,iBAAiB;AAAA;AAKxC;AACI,eAAa;AACb,mBAAiB,aAAa,aAAa,SAAS,MAAM;AAAA;AAK9D,qBAAqB;AACjB,SAAQ,CAAC,OAAO,QAAQ;AACpB,gBAAY;AACZ,UAAM,MAAM,GAAG,MAAM,MAAM;AAC3B;AACA,WAAO;AAAA;AAAA;AA0cf,MAAM,wBAAwB;AAU9B,iBAAiB,QAAQ,IAAI,CAAE,WAAW,MAAM,OAAO,SAAS,aAAc,WAAW,WAAW;AAChG,MAAK,CAAC;AACF,QAAI,cAAc;AACd,WAAK;AAAA;AAGT,QAAI,SAAS;AACT,WAAK;AAAA;AAAA;AAIb,QAAM,oBAAoB,CAAC;AACvB,SAAK,0BAA0B,GAAG;AAAA;AAGtC,MAAI;AACJ,MAAI,eAAe;AACnB,MAAI,MAAM;AACN,aAAS,MAAM,OAAO;AACtB,mBAAe,CAAC,CAAC,OAAO;AAAA,aAEnB,WAAW;AAChB,aAAS,MAAM;AACf,WAAO;AAAA,aAEF,QAAQ;AACb,aAAS,MAAM,OAAO,IAAI;AACtB,UAAI,MAAM;AACN,eAAO,EAAE;AAAA,iBAEJ,WAAW;AAChB,eAAO,SAAS;AAAA,iBAEX,WAAW;AAChB,eAAO,sBAAsB,GAAG,UAAU;AAAA;AAGzC,0BAAkB;AAAA;AAAA;AAAA,aAItB,WAAW;AAChB,QAAI;AAEA,eAAS,MAAM,sBAAsB,QAAQ,UAAU;AAAA;AAIvD,eAAS;AACL,YAAI,YAAY,SAAS;AACrB;AAAA;AAEJ,YAAI;AACA;AAAA;AAEJ,eAAO,sBAAsB,QAAQ,UAAU,GAAwB,CAAC;AAAA;AAAA;AAAA;AAKhF,aAAS;AACR,sBAAkB;AAAA;AAEvB,MAAI,MAAM;AACN,UAAM,aAAa;AACnB,aAAS,MAAM,SAAS;AAAA;AAE5B,MAAI;AACJ,QAAM,eAAe,CAAC;AAClB,eAAU,OAAO,QAAQ,SAAS;AAC9B,4BAAsB,IAAI,UAAU;AAAA;AAAA;AAG5C,MAAI,WAAW,QAAQ,UAAU,KAAK;AACtC,QAAM,MAAM;AACR,QAAI,CAAC,OAAO;AACR;AAAA;AAEJ,QAAI;AAEA,YAAM,WAAW;AACjB,UAAI,QAAQ,gBAAgB,WAAW,UAAU;AAE7C,YAAI;AACA;AAAA;AAEJ,mCAA2B,IAAI,UAAU,GAAwB;AAAA,UAC7D;AAAA,UAEA,aAAa,wBAAwB,SAAY;AAAA,UACjD;AAAA;AAEJ,mBAAW;AAAA;AAAA;AAKf;AAAA;AAAA;AAKR,MAAI,eAAe,CAAC,CAAC;AACrB,MAAI;AACJ,MAAI,UAAU;AACV,gBAAY;AAAA,aAEP,UAAU;AACf,gBAAY,MAAM,sBAAsB,KAAK,YAAY,SAAS;AAAA;AAIlE,gBAAY;AACR,UAAI,CAAC,YAAY,SAAS;AACtB,wBAAgB;AAAA;AAKhB;AAAA;AAAA;AAAA;AAIZ,QAAM,SAAS,OAAO,QAAQ;AAAA,IAC1B,MAAM;AAAA,IACN;AAAA,IACA;AAAA,IACA;AAAA;AAEJ,4BAA0B,QAAQ;AAElC,MAAI;AACA,QAAI;AACA;AAAA;AAGA,iBAAW;AAAA;AAAA,aAGV,UAAU;AACf,0BAAsB,QAAQ,YAAY,SAAS;AAAA;AAGnD;AAAA;AAEJ,SAAO;AACH,SAAK;AACL,QAAI;AACA,aAAO,SAAS,SAAS;AAAA;AAAA;AAAA;AAKrC,uBAAuB,QAAQ,IAAI;AAC/B,QAAM,aAAa,KAAK;AACxB,QAAM,SAAS,SAAS,UAClB,MAAM,WAAW,UACjB,OAAO,KAAK;AAClB,SAAO,QAAQ,QAAQ,GAAG,KAAK,aAAa,SAAS;AAAA;AAEzD,kBAAkB,OAAO,OAAO,IAAI;AAChC,MAAI,CAAC,SAAS,UAAU,KAAK,IAAI;AAC7B,WAAO;AAAA;AAEX,OAAK,IAAI;AACT,MAAI,MAAM;AACN,aAAS,MAAM,OAAO;AAAA,aAEjB,QAAQ;AACb,aAAS,IAAI,GAAG,IAAI,MAAM,QAAQ;AAC9B,eAAS,MAAM,IAAI;AAAA;AAAA,aAGlB,MAAM,UAAU,MAAM;AAC3B,UAAM,QAAQ,CAAC;AACX,eAAS,GAAG;AAAA;AAAA;AAIhB,eAAW,OAAO;AACd,eAAS,MAAM,MAAM;AAAA;AAAA;AAG7B,SAAO;AAAA;AA42CX,MAAM,wBAAyB;AA8yC/B,MAAM,aAAa,CAAC,SAAS,KAAK;AA2LlC,MAAM,yBAAyB;AA8D/B,MAAM,WAAW,OAAQ;AACzB,MAAM,OAAO,OAAQ;AACrB,MAAM,UAAU,OAAQ;AAOxB,MAAM,aAAa;AACnB,IAAI,eAAe;AAiBnB,mBAAmB,kBAAkB;AACjC,aAAW,KAAM,eAAe,kBAAkB,OAAO;AAAA;AAE7D;AACI,aAAW;AACX,iBAAe,WAAW,WAAW,SAAS,MAAM;AAAA;AAiCxD,qBAAqB,MAAM,OAAO,UAAU,WAAW;AACnD,QAAM,QAAQ,YAAY,MAAM,OAAO,UAAU,WAAW,cAAc;AAE1E,QAAM,kBAAkB,gBAAgB;AAExC;AAGA,MAAyB;AACrB,iBAAa,KAAK;AAAA;AAEtB,SAAO;AAAA;AAEX,iBAAiB;AACb,SAAO,QAAQ,MAAM,gBAAgB,OAAO;AAAA;AAqBhD,MAAM,+BAA+B,IAAI;AACrC,SAAO,aAAa,GAEd;AAAA;AAEV,MAAM,oBAAoB;AAC1B,MAAM,eAAe,CAAC,CAAE,SAAU,OAAO,OAAO,MAAM;AACtD,MAAM,eAAe,CAAC,CAAE;AACpB,SAAQ,OAAO,OACT,SAAS,QAAQ,MAAM,QAAQ,WAAW,OACtC,CAAE,GAAG,0BAA0B,GAAG,OAClC,MACJ;AAAA;AAEV,MAAM,cAAgB;AAEtB,sBAAsB,MAAM,QAAQ,MAAM,WAAW,MAAM,YAAY,GAAG,eAAe,MAAM,cAAc;AACzG,MAAI,CAAC,QAAQ,SAAS;AAClB,QAAK,CAAC;AACF,WAAK,2CAA2C;AAAA;AAEpD,WAAO;AAAA;AAEX,MAAI,QAAQ;AAIR,UAAM,SAAS,WAAW,MAAM,OAAO;AACvC,QAAI;AACA,wBAAkB,QAAQ;AAAA;AAE9B,WAAO;AAAA;AAGX,MAAI,iBAAiB;AACjB,WAAO,KAAK;AAAA;AAGhB,MAAI;AAEA,QAAI,QAAQ,UAAU,qBAAqB;AACvC,cAAQ,OAAO,IAAI;AAAA;AAEvB,QAAI,CAAE,OAAO,OAAO,SAAU;AAC9B,QAAI,SAAS,CAAC,SAAS;AACnB,YAAM,QAAQ,eAAe;AAAA;AAEjC,QAAI,SAAS;AAGT,UAAI,QAAQ,UAAU,CAAC,QAAQ;AAC3B,gBAAQ,OAAO,IAAI;AAAA;AAEvB,YAAM,QAAQ,eAAe;AAAA;AAAA;AAIrC,QAAM,YAAY,SAAS,QACrB,IACC,WAAW,QACR,MACA,WAAW,QACP,KACA,SAAS,QACL,IACA,WAAW,QACP,IACA;AACtB,MAAK,YAAY,KAA8B,QAAQ;AACnD,WAAO,MAAM;AACb,SAAK,6NAGsB;AAAA,qCAAwC;AAAA;AAEvE,QAAM,QAAQ;AAAA,IACV,aAAa;AAAA,KACZ,aAAwB;AAAA,IACzB;AAAA,IACA;AAAA,IACA,KAAK,SAAS,aAAa;AAAA,IAC3B,KAAK,SAAS,aAAa;AAAA,IAC3B,SAAS;AAAA,IACT,UAAU;AAAA,IACV,WAAW;AAAA,IACX,UAAU;AAAA,IACV,WAAW;AAAA,IACX,YAAY;AAAA,IACZ,MAAM;AAAA,IACN,YAAY;AAAA,IACZ,IAAI;AAAA,IACJ,QAAQ;AAAA,IACR,QAAQ;AAAA,IACR,cAAc;AAAA,IACd,aAAa;AAAA,IACb;AAAA,IACA;AAAA,IACA;AAAA,IACA,iBAAiB;AAAA,IACjB,YAAY;AAAA;AAGhB,MAAK,MAAM,QAAQ,MAAM;AACrB,SAAK,qDAAqD,MAAM;AAAA;AAEpE,oBAAkB,OAAO;AAEzB,MAAK,YAAY;AACb,UAAM,CAAE,SAAS,YAAa,0BAA0B;AACxD,UAAM,YAAY;AAClB,UAAM,aAAa;AAAA;AAEvB,MAEI,CAAC,eAED,gBAKC,aAAY,KAAK,YAAY,MAG9B,cAAc;AACd,iBAAa,KAAK;AAAA;AAEtB,SAAO;AAAA;AAEX,oBAAoB,OAAO,YAAY,WAAW;AAG9C,QAAM,CAAE,OAAO,KAAK,aAAc;AAClC,QAAM,cAAc,aAAa,WAAW,SAAS,IAAI,cAAc;AACvE,SAAO;AAAA,IACH,aAAa;AAAA,KACZ,aAAwB;AAAA,IACzB,MAAM,MAAM;AAAA,IACZ,OAAO;AAAA,IACP,KAAK,eAAe,aAAa;AAAA,IACjC,KAAK,cAAc,WAAW,MAItB,YAAY,MACN,QAAQ,OACJ,IAAI,OAAO,aAAa,eACxB,CAAC,KAAK,aAAa,eACvB,aAAa,cACrB;AAAA,IACN,SAAS,MAAM;AAAA,IACf,UAAU,MAAM;AAAA,IAChB,QAAQ,MAAM;AAAA,IACd,cAAc,MAAM;AAAA,IACpB,aAAa,MAAM;AAAA,IACnB,WAAW,MAAM;AAAA,IAKjB,WAAW,cAAc,MAAM,SAAS,WAClC,cAAc,KACV,KACA,YAAY,KAChB;AAAA,IACN,cAAc,MAAM;AAAA,IACpB,iBAAiB,MAAM;AAAA,IACvB,YAAY,MAAM;AAAA,IAClB,MAAM,MAAM;AAAA,IACZ,YAAY,MAAM;AAAA,IAKlB,WAAW,MAAM;AAAA,IACjB,UAAU,MAAM;AAAA,IAChB,WAAW,MAAM,aAAa,WAAW,MAAM;AAAA,IAC/C,YAAY,MAAM,cAAc,WAAW,MAAM;AAAA,IACjD,IAAI,MAAM;AAAA,IACV,QAAQ,MAAM;AAAA;AAAA;AAMtB,yBAAyB,OAAO,KAAK,OAAO;AACxC,SAAO,YAAY,MAAM,MAAM,MAAM;AAAA;AAuBzC,wBAAwB;AACpB,MAAI,SAAS,QAAQ,OAAO,UAAU;AAElC,WAAO,YAAY;AAAA,aAEd,QAAQ;AAEb,WAAO,YAAY,UAAU,MAAM;AAAA,aAE9B,OAAO,UAAU;AAGtB,WAAO,MAAM,OAAO,OAAO,QAAQ,WAAW;AAAA;AAI9C,WAAO,YAAY,MAAM,MAAM,OAAO;AAAA;AAAA;AAO9C,2BAA2B,OAAO;AAC9B,MAAI,OAAO;AACX,QAAM,CAAE,aAAc;AACtB,MAAI,YAAY;AACZ,eAAW;AAAA,aAEN,QAAQ;AACb,WAAO;AAAA,aAEF,OAAO,aAAa;AACzB,QAAI,YAAY,KAAmB,YAAY;AAE3C,YAAM,OAAO,SAAS;AACtB,UAAI;AAEA,aAAK,MAAM,yBAAyB;AACpC,0BAAkB,OAAO;AACzB,aAAK,MAAM,yBAAyB;AAAA;AAExC;AAAA;AAGA,aAAO;AACP,YAAM,WAAW,SAAS;AAC1B,UAAI,CAAC,YAAY,CAAE,sBAAqB;AACpC,iBAAS,OAAO;AAAA,iBAEX,aAAa,KAAqB;AAGvC,YAAI,yBAAyB,MAAM,YAAY;AAC3C,mBAAS,IAAI;AACb,gBAAM,aAAa;AAAA;AAGnB,mBAAS,IAAI;AAAA;AAAA;AAAA;AAAA,aAKpB,WAAW;AAChB,eAAW,CAAE,SAAS,UAAU,MAAM;AACtC,WAAO;AAAA;AAGP,eAAW,OAAO;AAElB,QAAI,YAAY;AACZ,aAAO;AACP,iBAAW,CAAC,gBAAgB;AAAA;AAG5B,aAAO;AAAA;AAAA;AAGf,QAAM,WAAW;AACjB,QAAM,aAAa;AAAA;AAEvB,uBAAuB;AACnB,QAAM,MAAM,OAAO,IAAI,KAAK;AAC5B,WAAS,IAAI,GAAG,IAAI,KAAK,QAAQ;AAC7B,UAAM,UAAU,KAAK;AACrB,eAAW,OAAO;AACd,UAAI,QAAQ;AACR,YAAI,IAAI,UAAU,QAAQ;AACtB,cAAI,QAAQ,eAAe,CAAC,IAAI,OAAO,QAAQ;AAAA;AAAA,iBAG9C,QAAQ;AACb,YAAI,QAAQ,eAAe,CAAC,IAAI,OAAO,QAAQ;AAAA,iBAE1C,KAAK;AACV,cAAM,WAAW,IAAI;AACrB,cAAM,WAAW,QAAQ;AACzB,YAAI,aAAa;AACb,cAAI,OAAO,WACL,GAAG,OAAO,UAAU,QAAQ,QAC5B;AAAA;AAAA,iBAGL,QAAQ;AACb,YAAI,OAAO,QAAQ;AAAA;AAAA;AAAA;AAI/B,SAAO;AAAA;AAkaX,8BAA8B;AAC1B,QAAM,MAAM,SAAS;AACrB,QAAM,CAAE,UAAU,QAAQ,SAAS,kBAAmB;AACtD,MAAI;AACA,WAAO;AACX,QAAM,eAAe,SAAS,WAAW;AACzC,MAAI,CAAC,aAAa,UAAU,CAAC,UAAU,CAAC;AACpC,WAAO;AACX,QAAM,UAAU;AAChB,eAAa,QAAQ,OAAK,aAAa,SAAS,GAAG;AACnD,eAAa,SAAS,KAAK;AAC3B,SAAQ,IAAI,WAAW;AAAA;AAE3B,sBAAsB,IAAI,MAAM;AAC5B,QAAM,SAAS,SAAS,WAAW,OAAO;AAC1C,QAAM,CAAE,QAAQ,SAAS,kBAAmB;AAC5C,oBAAkB,aAAa,IAAI,gBAAgB;AACnD,YACI,OAAO,QAAQ,CAAC,MAAM,aAAa,IAAI,GAAG;AAC9C,aAAW,OAAO;AACd,QAAI,UAAU,OAAO,QAAQ;AACzB,SAAG,OAAO,OAAO,KAAK,GAAG,MAAM,KAAK,MAAM,SAAS,OAAO;AAAA;AAG1D,SAAG,OAAO,KAAK;AAAA;AAAA;AAAA;AAU3B,MAAM,oBAAoB,CAAC,MAAM,KAAM,GAAE,QAAQ,EAAE,QAAQ,kBAAkB,EAAE;AAC/E,MAAM,sBAAsB,OAAO,OAAO,OAAO,OAAO;AAAA,EACpD,GAAG,OAAK;AAAA,EACR,KAAK,OAAK,EAAE,MAAM;AAAA,EAClB,OAAO,OAAK,EAAE;AAAA,EACd,QAAQ,OAAO,gBAAgB,EAAE;AAAA,EACjC,QAAQ,OAAO,gBAAgB,EAAE;AAAA,EACjC,QAAQ,OAAO,gBAAgB,EAAE;AAAA,EACjC,OAAO,OAAO,gBAAgB,EAAE;AAAA,EAChC,SAAS,OAAK,kBAAkB,EAAE;AAAA,EAClC,OAAO,OAAK,EAAE,QAAQ,EAAE,KAAK;AAAA,EAC7B,OAAO,OAAK,EAAE;AAAA,EACd,UAAU,OAAO,qBAAqB;AAAA,EACtC,cAAc,OAAK,MAAM,SAAS,EAAE;AAAA,EACpC,WAAW,OAAK,SAAS,KAAK,EAAE;AAAA,EAChC,QAAQ,OAAO,cAAc,KAAK;AAAA;AAEtC,MAAM,8BAA8B;AAAA,EAChC,IAAI,CAAE,GAAG,WAAY;AACjB,UAAM,CAAE,KAAK,YAAY,MAAM,OAAO,aAAa,MAAM,cAAe;AAExE,QAAI,QAAQ;AACR,aAAO;AAAA;AAGX,QAAK,QAAQ;AACT,aAAO;AAAA;AAQX,QAAI;AACJ,QAAI,IAAI,OAAO;AACX,YAAM,IAAI,YAAY;AACtB,UAAI,MAAM;AACN,gBAAQ;AAAA,eACC;AACD,mBAAO,WAAW;AAAA,eACjB;AACD,mBAAO,KAAK;AAAA,eACX;AACD,mBAAO,IAAI;AAAA,eACV;AACD,mBAAO,MAAM;AAAA;AAAA,iBAIhB,eAAe,aAAa,OAAO,YAAY;AACpD,oBAAY,OAAO;AACnB,eAAO,WAAW;AAAA,iBAEb,SAAS,aAAa,OAAO,MAAM;AACxC,oBAAY,OAAO;AACnB,eAAO,KAAK;AAAA,iBAKf,mBAAkB,SAAS,aAAa,OACrC,OAAO,iBAAiB;AACxB,oBAAY,OAAO;AACnB,eAAO,MAAM;AAAA,iBAER,QAAQ,aAAa,OAAO,KAAK;AACtC,oBAAY,OAAO;AACnB,eAAO,IAAI;AAAA;AAGX,oBAAY,OAAO;AAAA;AAAA;AAG3B,UAAM,eAAe,oBAAoB;AACzC,QAAI,WAAW;AAEf,QAAI;AACA,UAAI,QAAQ;AACR,cAAM,UAAU,OAAiB;AAAA;AAGrC,aAAO,aAAa;AAAA,eAIvB,aAAY,KAAK,iBACb,aAAY,UAAU;AACvB,aAAO;AAAA,eAEF,QAAQ,aAAa,OAAO,KAAK;AAEtC,kBAAY,OAAO;AACnB,aAAO,IAAI;AAAA,eAIb,mBAAmB,WAAW,OAAO,kBACnC,OAAO,kBAAkB;AACzB,aAAO,iBAAiB;AAAA,eAGxB,4BACC,EAAC,SAAS,QAGP,IAAI,QAAQ,WAAW;AAC3B,UAAI,SAAS,aACR,KAAI,OAAO,OAAO,IAAI,OAAO,QAC9B,OAAO,MAAM;AACb,aAAK,YAAY,KAAK,UAAU;AAAA;AAIhC,aAAK,YAAY,KAAK,UAAU;AAAA;AAAA;AAAA;AAAA,EAK5C,IAAI,CAAE,GAAG,WAAY,KAAK;AACtB,UAAM,CAAE,MAAM,YAAY,OAAQ;AAClC,QAAI,eAAe,aAAa,OAAO,YAAY;AAC/C,iBAAW,OAAO;AAAA,eAEb,SAAS,aAAa,OAAO,MAAM;AACxC,WAAK,OAAO;AAAA,eAEP,OAAO,SAAS;AAEjB,WAAK,8BAA8B,6BAA6B;AACpE,aAAO;AAAA;AAEX,QAAI,IAAI,OAAO,OAAO,IAAI,MAAM,MAAM;AAE9B,WAAK,yCAAyC,+DACe;AACjE,aAAO;AAAA;AAGP,UAAK,OAAO,SAAS,WAAW,OAAO;AACnC,eAAO,eAAe,KAAK,KAAK;AAAA,UAC5B,YAAY;AAAA,UACZ,cAAc;AAAA,UACd;AAAA;AAAA;AAIJ,YAAI,OAAO;AAAA;AAAA;AAGnB,WAAO;AAAA;AAAA,EAEX,IAAI,CAAE,GAAG,CAAE,MAAM,YAAY,aAAa,KAAK,YAAY,gBAAkB;AACzE,QAAI;AACJ,WAAQ,YAAY,SAAS,UACxB,SAAS,aAAa,OAAO,MAAM,QACnC,eAAe,aAAa,OAAO,YAAY,QAC9C,mBAAkB,aAAa,OAAO,OAAO,iBAAiB,QAChE,OAAO,KAAK,QACZ,OAAO,qBAAqB,QAC5B,OAAO,WAAW,OAAO,kBAAkB;AAAA;AAAA;AAGvD;AACI,8BAA4B,UAAU,CAAC;AACnC,SAAK;AAEL,WAAO,QAAQ,QAAQ;AAAA;AAAA;AAG/B,MAAM,6CAA6C,OAAO,IAAI,6BAA6B;AAAA,EACvF,IAAI,QAAQ;AAER,QAAI,QAAQ,OAAO;AACf;AAAA;AAEJ,WAAO,4BAA4B,IAAI,QAAQ,KAAK;AAAA;AAAA,EAExD,IAAI,GAAG;AACH,UAAM,OAAM,IAAI,OAAO,OAAO,CAAC,sBAAsB;AACrD,QAAK,CAAC,QAAO,4BAA4B,IAAI,GAAG;AAC5C,WAAK,YAAY,KAAK,UAAU;AAAA;AAEpC,WAAO;AAAA;AAAA;AAiJf,IAAI,kBAAkB;AAkNtB,mCAAmC,SAAQ,WAAW;AAClD,MAAI;AACA,IAAC,UAAS,WAAY,UAAS,UAAU,KAAK,KAAK;AAAA;AAAA;AAG3D,MAAM,aAAa;AACnB,MAAM,WAAW,CAAC,QAAQ,IAAI,QAAQ,YAAY,OAAK,EAAE,eAAe,QAAQ,SAAS;AACzF,0BAA0B;AACtB,SAAO,WAAW,aACZ,UAAU,eAAe,UAAU,OACnC,UAAU;AAAA;AAGpB,6BAA6B,UAAU,WAAW,SAAS;AACvD,MAAI,OAAO,iBAAiB;AAC5B,MAAI,CAAC,QAAQ,UAAU;AACnB,UAAM,QAAQ,UAAU,OAAO,MAAM;AACrC,QAAI;AACA,aAAO,MAAM;AAAA;AAAA;AAGrB,MAAI,CAAC,QAAQ,YAAY,SAAS;AAE9B,UAAM,oBAAoB,CAAC;AACvB,iBAAW,OAAO;AACd,YAAI,SAAS,SAAS;AAClB,iBAAO;AAAA;AAAA;AAAA;AAInB,WACI,kBAAkB,SAAS,cACvB,SAAS,OAAO,KAAK,eAAe,kBAAkB,SAAS,WAAW;AAAA;AAEtF,SAAO,OAAO,SAAS,QAAQ,SAAS,QAAQ;AAAA;AAEpD,0BAA0B;AACtB,SAAO,WAAW,UAAU,eAAe;AAAA;AA2E/C;AAEI,MAAK,OAAO,WAAW;AACnB;AAAA;AAEJ,QAAM,WAAW,CAAE,OAAO;AAC1B,QAAM,cAAc,CAAE,OAAO;AAC7B,QAAM,cAAc,CAAE,OAAO;AAC7B,QAAM,eAAe,CAAE,OAAO;AAG9B,QAAM,YAAY;AAAA,IACd,OAAO;AAEH,UAAI,CAAC,SAAS;AACV,eAAO;AAAA;AAEX,UAAI,IAAI;AACJ,eAAO,CAAC,OAAO,UAAU;AAAA,iBAEpB,MAAM;AACX,eAAO;AAAA,UACH;AAAA,UACA;AAAA,UACA,CAAC,QAAQ,UAAU,WAAW;AAAA,UAC9B;AAAA,UACA,YAAY,IAAI;AAAA,UAChB;AAAA;AAAA,iBAGC,WAAW;AAChB,eAAO;AAAA,UACH;AAAA,UACA;AAAA,UACA,CAAC,QAAQ,UAAU;AAAA,UACnB;AAAA,UACA,YAAY;AAAA,UACZ,IAAI,WAAW,OAAO,gBAAgB;AAAA;AAAA,iBAGrC,WAAW;AAChB,eAAO;AAAA,UACH;AAAA,UACA;AAAA,UACA,CAAC,QAAQ,UAAU;AAAA,UACnB;AAAA,UACA,YAAY;AAAA,UACZ;AAAA;AAAA;AAGR,aAAO;AAAA;AAAA,IAEX,QAAQ;AACJ,aAAO,OAAO,IAAI;AAAA;AAAA,IAEtB,KAAK;AACD,UAAI,OAAO,IAAI;AACX,eAAO;AAAA,UACH;AAAA,UACA;AAAA,UACA,GAAG,eAAe,IAAI;AAAA;AAAA;AAAA;AAAA;AAKtC,0BAAwB;AACpB,UAAM,SAAS;AACf,QAAI,SAAS,KAAK,SAAS,SAAS;AAChC,aAAO,KAAK,oBAAoB,SAAS,MAAM,SAAS;AAAA;AAE5D,QAAI,SAAS,eAAe;AACxB,aAAO,KAAK,oBAAoB,SAAS,SAAS;AAAA;AAEtD,QAAI,SAAS,SAAS;AAClB,aAAO,KAAK,oBAAoB,QAAQ,MAAM,SAAS;AAAA;AAE3D,UAAM,WAAW,YAAY,UAAU;AACvC,QAAI;AACA,aAAO,KAAK,oBAAoB,YAAY;AAAA;AAEhD,UAAM,WAAW,YAAY,UAAU;AACvC,QAAI;AACA,aAAO,KAAK,oBAAoB,YAAY;AAAA;AAEhD,WAAO,KAAK;AAAA,MACR;AAAA,MACA;AAAA,MACA;AAAA,QACI;AAAA,QACA;AAAA,UACI,OAAO,aAAa,QAAQ;AAAA;AAAA,QAEhC;AAAA;AAAA,MAEJ,CAAC,UAAU,CAAE,QAAQ;AAAA;AAEzB,WAAO;AAAA;AAEX,+BAA6B,MAAM;AAC/B,aAAS,OAAO,IAAI;AACpB,QAAI,CAAC,OAAO,KAAK,QAAQ;AACrB,aAAO,CAAC,QAAQ;AAAA;AAEpB,WAAO;AAAA,MACH;AAAA,MACA,CAAE,OAAO;AAAA,MACT;AAAA,QACI;AAAA,QACA;AAAA,UACI,OAAO;AAAA;AAAA,QAEX;AAAA;AAAA,MAEJ;AAAA,QACI;AAAA,QACA;AAAA,UACI,OAAO;AAAA;AAAA,QAEX,GAAG,OAAO,KAAK,QAAQ,IAAI;AACvB,iBAAO;AAAA,YACH;AAAA,YACA;AAAA,YACA,CAAC,QAAQ,cAAc,MAAM;AAAA,YAC7B,YAAY,OAAO,MAAM;AAAA;AAAA;AAAA;AAAA;AAAA;AAM7C,uBAAqB,GAAG,QAAQ;AAC5B,QAAI,OAAO,MAAM;AACb,aAAO,CAAC,QAAQ,aAAa;AAAA,eAExB,OAAO,MAAM;AAClB,aAAO,CAAC,QAAQ,aAAa,KAAK,UAAU;AAAA,eAEvC,OAAO,MAAM;AAClB,aAAO,CAAC,QAAQ,cAAc;AAAA,eAEzB,SAAS;AACd,aAAO,CAAC,UAAU,CAAE,QAAQ,QAAQ,MAAM,KAAK;AAAA;AAG/C,aAAO,CAAC,QAAQ,aAAa,OAAO;AAAA;AAAA;AAG5C,uBAAqB,UAAU;AAC3B,UAAM,OAAO,SAAS;AACtB,QAAI,WAAW;AACX;AAAA;AAEJ,UAAM,YAAY;AAClB,eAAW,OAAO,SAAS;AACvB,UAAI,YAAY,MAAM,KAAK;AACvB,kBAAU,OAAO,SAAS,IAAI;AAAA;AAAA;AAGtC,WAAO;AAAA;AAEX,uBAAqB,MAAM,KAAK;AAC5B,UAAM,OAAO,KAAK;AAClB,QAAK,QAAQ,SAAS,KAAK,SAAS,QAC/B,SAAS,SAAS,OAAO;AAC1B,aAAO;AAAA;AAEX,QAAI,KAAK,WAAW,YAAY,KAAK,SAAS,KAAK;AAC/C,aAAO;AAAA;AAEX,QAAI,KAAK,UAAU,KAAK,OAAO,KAAK,OAAK,YAAY,GAAG,KAAK;AACzD,aAAO;AAAA;AAAA;AAGf,sBAAoB;AAChB,QAAI,EAAE;AACF,aAAO;AAAA;AAEX,QAAI,EAAE;AACF,aAAO;AAAA;AAEX,WAAO;AAAA;AAEX,MAAI,OAAO;AACP,WAAO,mBAAmB,KAAK;AAAA;AAG/B,WAAO,qBAAqB,CAAC;AAAA;AAAA;AAyFrC,MAAM,QAAQ;AACd,MAAM,MAAO,OAAO,aAAa,cAAc,WAAW;AAC1D,IAAI;AACJ,IAAI;AACJ,MAAM,UAAU;AAAA,EACZ,QAAQ,CAAC,OAAO,QAAQ;AACpB,WAAO,aAAa,OAAO,UAAU;AAAA;AAAA,EAEzC,QAAQ;AACJ,UAAM,SAAS,MAAM;AACrB,QAAI;AACA,aAAO,YAAY;AAAA;AAAA;AAAA,EAG3B,eAAe,CAAC,KAAK,OAAO,OAAO,QAC7B,IAAI,gBAAgB,OAAO,OAC3B,IAAI,cAAc,KAAK,KAAK,CAAE,MAAO;AAAA,EAC3C,YAAY,UAAQ,IAAI,eAAe;AAAA,EACvC,eAAe,UAAQ,IAAI,cAAc;AAAA,EACzC,SAAS,CAAC,MAAM;AACZ,SAAK,YAAY;AAAA;AAAA,EAErB,gBAAgB,CAAC,IAAI;AACjB,OAAG,cAAc;AAAA;AAAA,EAErB,YAAY,UAAQ,KAAK;AAAA,EACzB,aAAa,UAAQ,KAAK;AAAA,EAC1B,eAAe,cAAY,IAAI,cAAc;AAAA,EAC7C,WAAW,IAAI;AACX,OAAG,aAAa,IAAI;AAAA;AAAA,EAExB,UAAU;AACN,WAAO,GAAG,UAAU;AAAA;AAAA,EAMxB,oBAAoB,SAAS,QAAQ,QAAQ;AACzC,UAAM,OAAO,QACP,oBACG,oBAAmB,IAAI,gBAAgB,OAAO,UACjD,iBAAkB,iBAAgB,IAAI,cAAc;AAC1D,SAAK,YAAY;AACjB,UAAM,QAAQ,KAAK;AACnB,QAAI,OAAO;AACX,QAAI,OAAO;AACX,WAAO;AACH,aAAO;AACP,cAAQ,OAAO,MAAM,QAAQ;AAC7B,aAAO,KAAK;AAAA;AAEhB,WAAO,CAAC,OAAO;AAAA;AAAA;AAMvB,oBAAoB,IAAI,OAAO;AAC3B,MAAI,SAAS;AACT,YAAQ;AAAA;AAEZ,MAAI;AACA,OAAG,aAAa,SAAS;AAAA;AAMzB,UAAM,oBAAoB,GAAG;AAC7B,QAAI;AACA,cAAS,SACH,CAAC,OAAO,GAAG,qBACX,CAAC,GAAG,oBAAoB,KAAK;AAAA;AAEvC,OAAG,YAAY;AAAA;AAAA;AAIvB,oBAAoB,IAAI,MAAM;AAC1B,QAAM,QAAQ,GAAG;AACjB,MAAI,CAAC;AACD,OAAG,gBAAgB;AAAA,aAEd,SAAS;AACd,QAAI,SAAS;AACT,YAAM,UAAU;AAAA;AAAA;AAIpB,eAAW,OAAO;AACd,eAAS,OAAO,KAAK,KAAK;AAAA;AAE9B,QAAI,QAAQ,CAAC,SAAS;AAClB,iBAAW,OAAO;AACd,YAAI,KAAK,QAAQ;AACb,mBAAS,OAAO,KAAK;AAAA;AAAA;AAAA;AAAA;AAAA;AAMzC,MAAM,cAAc;AACpB,kBAAkB,OAAO,MAAM;AAC3B,MAAI,QAAQ;AACR,QAAI,QAAQ,OAAK,SAAS,OAAO,MAAM;AAAA;AAGvC,QAAI,KAAK,WAAW;AAEhB,YAAM,YAAY,MAAM;AAAA;AAGxB,YAAM,WAAW,WAAW,OAAO;AACnC,UAAI,YAAY,KAAK;AAEjB,cAAM,YAAY,UAAU,WAAW,IAAI,QAAQ,aAAa,KAAK;AAAA;AAGrE,cAAM,YAAY;AAAA;AAAA;AAAA;AAAA;AAKlC,MAAM,WAAW,CAAC,UAAU,OAAO;AACnC,MAAM,cAAc;AACpB,oBAAoB,OAAO;AACvB,QAAM,SAAS,YAAY;AAC3B,MAAI;AACA,WAAO;AAAA;AAEX,MAAI,OAAO,SAAS;AACpB,MAAI,SAAS,YAAY,QAAQ;AAC7B,WAAQ,YAAY,WAAW;AAAA;AAEnC,SAAO,WAAW;AAClB,WAAS,IAAI,GAAG,IAAI,SAAS,QAAQ;AACjC,UAAM,WAAW,SAAS,KAAK;AAC/B,QAAI,YAAY;AACZ,aAAQ,YAAY,WAAW;AAAA;AAAA;AAGvC,SAAO;AAAA;AAGX,MAAM,UAAU;AAChB,mBAAmB,IAAI,KAAK,OAAO;AAC/B,MAAI,SAAS,IAAI,WAAW;AACxB,QAAI,SAAS;AACT,SAAG,kBAAkB,SAAS,IAAI,MAAM,GAAG,IAAI;AAAA;AAG/C,SAAG,eAAe,SAAS,KAAK;AAAA;AAAA;AAMpC,UAAM,YAAY,qBAAqB;AACvC,QAAI,SAAS,QAAS,aAAa,UAAU;AACzC,SAAG,gBAAgB;AAAA;AAGnB,SAAG,aAAa,KAAK,YAAY,KAAK;AAAA;AAAA;AAAA;AAOlD,sBAAsB,IAAI,KAAK,OAI/B,cAAc,iBAAiB,gBAAgB;AAC3C,MAAI,QAAQ,eAAe,QAAQ;AAC/B,QAAI;AACA,sBAAgB,cAAc,iBAAiB;AAAA;AAEnD,OAAG,OAAO,SAAS,OAAO,KAAK;AAC/B;AAAA;AAEJ,MAAI,QAAQ,WAAW,GAAG,YAAY;AAGlC,OAAG,SAAS;AACZ,UAAM,WAAW,SAAS,OAAO,KAAK;AACtC,QAAI,GAAG,UAAU;AACb,SAAG,QAAQ;AAAA;AAEf;AAAA;AAEJ,MAAI,UAAU,MAAM,SAAS;AACzB,UAAM,OAAO,OAAO,GAAG;AACvB,QAAI,UAAU,MAAM,SAAS;AAEzB,SAAG,OAAO;AACV;AAAA,eAEK,SAAS,QAAQ,SAAS;AAE/B,SAAG,OAAO;AACV,SAAG,gBAAgB;AACnB;AAAA,eAEK,SAAS;AAEd,SAAG,OAAO;AACV,SAAG,gBAAgB;AACnB;AAAA;AAAA;AAIR;AACI,OAAG,OAAO;AAAA,WAEP;AACH;AACI,WAAK,wBAAwB,YAAY,GAAG,QAAQ,yBACvC,qBAAqB;AAAA;AAAA;AAAA;AAM9C,IAAI,UAAU,KAAK;AAKnB,IAAI,OAAO,aAAa,eACpB,YAAY,SAAS,YAAY,SAAS;AAI1C,YAAU,MAAM,YAAY;AAAA;AAIhC,IAAI,YAAY;AAChB,MAAM,IAAI,QAAQ;AAClB,MAAM,QAAQ;AACV,cAAY;AAAA;AAEhB,MAAM,SAAS,MAAM,aAAc,GAAE,KAAK,QAAS,YAAY;AAC/D,0BAA0B,IAAI,OAAO,SAAS;AAC1C,KAAG,iBAAiB,OAAO,SAAS;AAAA;AAExC,6BAA6B,IAAI,OAAO,SAAS;AAC7C,KAAG,oBAAoB,OAAO,SAAS;AAAA;AAE3C,oBAAoB,IAAI,SAAS,WAAW,WAAW,WAAW;AAE9D,QAAM,WAAW,GAAG,QAAS,IAAG,OAAO;AACvC,QAAM,kBAAkB,SAAS;AACjC,MAAI,aAAa;AAEb,oBAAgB,QAAQ;AAAA;AAGxB,UAAM,CAAC,MAAM,WAAW,UAAU;AAClC,QAAI;AAEA,YAAM,UAAW,SAAS,WAAW,cAAc,WAAW;AAC9D,uBAAiB,IAAI,MAAM,SAAS;AAAA,eAE/B;AAEL,0BAAoB,IAAI,MAAM,iBAAiB;AAC/C,eAAS,WAAW;AAAA;AAAA;AAAA;AAIhC,MAAM,oBAAoB;AAC1B,mBAAmB;AACf,MAAI;AACJ,MAAI,kBAAkB,KAAK;AACvB,cAAU;AACV,QAAI;AACJ,WAAQ,IAAI,KAAK,MAAM;AACnB,aAAO,KAAK,MAAM,GAAG,KAAK,SAAS,EAAE,GAAG;AACxC,cAAQ,EAAE,GAAG,iBAAiB;AAAA;AAAA;AAGtC,SAAO,CAAC,KAAK,MAAM,GAAG,eAAe;AAAA;AAEzC,uBAAuB,cAAc;AACjC,QAAM,UAAU,CAAC;AAOb,UAAM,YAAY,EAAE,aAAa;AACjC,QAAI,aAAa,QAAQ,WAAW;AAChC,iCAA2B,8BAA8B,GAAG,QAAQ,QAAQ,UAAU,GAA8B,CAAC;AAAA;AAAA;AAG7H,UAAQ,QAAQ;AAChB,UAAQ,WAAW;AACnB,SAAO;AAAA;AAEX,uCAAuC,GAAG;AACtC,MAAI,QAAQ;AACR,UAAM,eAAe,EAAE;AACvB,MAAE,2BAA2B;AACzB,mBAAa,KAAK;AAClB,QAAE,WAAW;AAAA;AAEjB,WAAO,MAAM,IAAI,QAAM,CAAC,OAAM,CAAC,GAAE,YAAY,GAAG;AAAA;AAGhD,WAAO;AAAA;AAAA;AAIf,MAAM,aAAa;AACnB,MAAM,iBAAiB,CAAC,GAAG,QAAQ,QAAQ;AAC3C,MAAM,YAAY,CAAC,IAAI,KAAK,WAAW,WAAW,QAAQ,OAAO,cAAc,iBAAiB,gBAAgB;AAC5G,UAAQ;AAAA,SAEC;AACD,iBAAW,IAAI,WAAW;AAC1B;AAAA,SACC;AACD,iBAAW,IAAI,WAAW;AAC1B;AAAA;AAEA,UAAI,KAAK;AAEL,YAAI,CAAC,gBAAgB;AACjB,qBAAW,IAAI,KAAK,WAAW,WAAW;AAAA;AAAA,iBAGzC,gBAAgB,IAAI,KAAK,WAAW;AACzC,qBAAa,IAAI,KAAK,WAAW,cAAc,iBAAiB,gBAAgB;AAAA;AAOhF,YAAI,QAAQ;AACR,aAAG,aAAa;AAAA,mBAEX,QAAQ;AACb,aAAG,cAAc;AAAA;AAErB,kBAAU,IAAI,KAAK,WAAW;AAAA;AAElC;AAAA;AAAA;AAGZ,yBAAyB,IAAI,KAAK,OAAO;AACrC,MAAI;AAGA,QAAI,QAAQ;AACR,aAAO;AAAA;AAGX,QAAI,OAAO,MAAM,WAAW,KAAK,QAAQ,WAAW;AAChD,aAAO;AAAA;AAEX,WAAO;AAAA;AAQX,MAAI,QAAQ,gBAAgB,QAAQ;AAChC,WAAO;AAAA;AAIX,MAAI,QAAQ,UAAU,OAAO,UAAU;AACnC,WAAO;AAAA;AAGX,MAAI,QAAQ,UAAU,GAAG,YAAY;AACjC,WAAO;AAAA;AAGX,MAAI,WAAW,KAAK,QAAQ,SAAS;AACjC,WAAO;AAAA;AAEX,SAAO,OAAO;AAAA;AAmxBlB,MAAM,kBAAkB,OAAO,CAAE,WAAW,iBAAkB;AAqF9D;AACI,QAAM,SAAS;AACf,SAAO,UAAU;AACjB,kBAAgB,OAAO;AACvB;AACI;AACI,cAAQ,KAAK;AAAA;AAAA;AAGjB;AAAA;AAAA;AAKP;;;;;;;;;;;;;;;;ACnmSD;EACE,MAAM;AAAA;;;;;;;;;;;;;;ACEN;SACO;;;"`;

exports[`i18n custom block only 1`] = `";;;;;;;;;;;;;;;;;;;;;;AAIE;SACO;;;"`;
